---
steps:
- block: approval
  key: approval
  label: Approval
  fields:
  - key: myvar
    text: Default myvalue
  prompt: |-
    Please review the following information
    and approve the pipeline progression
