---
steps:
- group: stage1
  key: stage1
  steps:
  - commands:
    - ' # step [] {:type=>"Background", :name=>"postgres-dependency", :identifier=>"postgresdependency",
      :spec=>{"connectorRef"=>"myDockerHubConnector", "image"=>"postgres:10.8", "shell"=>"Sh",
      "envVariables"=>{"POSTGRES_USER"=>"postgres", "POSTGRES_PASSWORD"=>"<+secrets.getValue(\"DbPasswordSecret\")>",
      "POSTGRES_DB"=>"postgres"}}} not implemented yet :('
  - commands:
    - echo "this runs on openjdk"
    label: Run_1
    key: Run_1
- commands:
  - |-
    echo "pipeline var:" <+pipeline.variables.pipelinevar1>
    echo "project level var:" <+variable.proj_var>
    echo "secret example :" <+secrets.getValue("DbPasswordSecret")>
  label: Run_2
  key: Run_2
- commands:
  - echo "Testing on  <+matrix.testparam>"
  label: Run_3
  key: Run_3
