---
steps:
- commands:
  - some-tests
  plugins:
  - docker#v5.10.0:
      image: ubuntu:xenial
  agents:
    executor_type: docker
  key: docker-xenial
- commands:
  - "# to make multiple images work, add the following composefile to your repository"
  - |-
    cat > compose.yaml << EOF
    ---
    services:
      service0:
        image: ubuntu:noble
      service1:
        image: circleci/python:3.9-stretch-browsers

    EOF
  - apt-update
  plugins:
  - docker-compose#v5.0.0:
      run: service0
  agents:
    executor_type: docker_compose
  key: docker-noble-multi
- commands:
  - xcodebuild -help
  agents:
    executor_type: osx
    executor_xcode: 14.2.0
  key: macos
- commands:
  - echo 1
  agents:
    resource_class: win/default
    executor_type: machine
    executor_image: self-hosted
  key: self-hosted
- commands:
  - Get-Help ls -Detailed
  agents:
    executor_type: windows
  key: win-server
