---
steps:
- commands:
  - "# No need for checkout, the agent takes care of that"
  - pip install -r requirements/dev.txt
  plugins:
  - docker#v5.10.0:
      image: circleci/python:3.6.2-stretch-browsers
  agents:
    executor_type: docker
  key: build
