---
steps:
- commands:
  - echo Printing testworkflow
  key: daily-message
