---
steps:
- commands:
  - "# No need for checkout, the agent takes care of that"
  - "# ruby/install-deps is part of orb ruby which is not supported and should be
    translated by hand"
  - "# node/install-packages is part of orb node which is not supported and should
    be translated by hand"
  plugins:
  - docker#v5.10.0:
      image: cimg/ruby:2.7-node
  agents:
    executor_type: docker
  key: build
- commands:
  - "# to make multiple images work, add the following composefile to your repository"
  - |-
    cat > compose.yaml << EOF
    ---
    services:
      service0:
        image: cimg/ruby:2.7-node
      service1:
        image: circleci/postgres:9.5-alpine
        environment:
          POSTGRES_USER: circleci-demo-ruby
          POSTGRES_DB: rails_blog_test
          POSTGRES_PASSWORD: ''

    EOF
  - "# No need for checkout, the agent takes care of that"
  - "# ruby/install-deps is part of orb ruby which is not supported and should be
    translated by hand"
  - "# node/install-packages is part of orb node which is not supported and should
    be translated by hand"
  - echo '~~~ Wait for DB'
  - dockerize -wait tcp://localhost:5432 -timeout 1m
  - echo '~~~ Database setup'
  - bundle exec rails db:schema:load --trace
  - "# ruby/rspec-test is part of orb ruby which is not supported and should be translated
    by hand"
  - "# ruby/rubocop-check is part of orb ruby which is not supported and should be
    translated by hand"
  depends_on:
  - build
  plugins:
  - docker-compose#v5.0.0:
      run: service0
  agents:
    executor_type: docker_compose
  env:
    BUNDLE_JOBS: '3'
    BUNDLE_RETRY: '3'
    PGHOST: 127.0.0.1
    PGUSER: circleci-demo-ruby
    PGPASSWORD: ''
    RAILS_ENV: test
  key: test
