---
steps:
- commands:
  - "# shell is environment-dependent and should be configured in the agent"
  - echo 'Hello from bin/sh
  plugins:
  - docker#v5.10.0:
      image: cimg/base:stable
  agents:
    executor_type: docker
  key: my-job
