---
steps:
- group: ":circleci: workflow_1"
  key: workflow_1
  steps:
  - commands:
    - echo "Hello World, this is Circle"
    key: hello
- group: ":circleci: workflow_2"
  key: workflow_2
  steps:
  - commands:
    - echo "Hello World, this is Circle"
    key: hello
  - commands:
    - echo "Oh, hi there again"
    key: hello2
