---
steps:
- artifact_paths:
  - vendor/output/bin/**/*
  - vendor/output/test-results
  - vendor2/output/bin/*.log
  commands:
  - "# action actions/checkout@v2 is not necessary in Buildscale"
  - echo '~~~ Install requirements'
  - pip install -r requirements.txt
  - echo '~~~ Run tests'
  - cd src
  - python manage.py test
  plugins:
  - docker#v5.10.0:
      image: python:3.8
  agents:
    runs-on: ubuntu-latest
  label: ":github: simple_build"
  key: simple_build
  branches: main
