---
steps:
- commands:
  - "# action actions/checkout@v3 is not necessary in Buildscale"
  - echo '~~~ Build with Maven'
  - mvn -B package --file pom.xml
  - echo '~~~ Print name'
  - (
  - BUILD="We are currently running the Build job"
  - echo "Hello $NAME. $BUILD. Using Java Version $JAVA_VERSION"
  - )
  plugins:
  - docker#v5.10.0:
      image: eclipse-temurin:${{env.JAVA_VERSION}}-jdk-alpine
  agents:
    runs-on: ubuntu-latest
  env:
    JAVA_VERSION: '11'
  label: ":github: build"
  key: build
  branches: master
