---
steps:
- commands:
  - "# action actions/checkout@v3 is not necessary in Buildscale"
  - "# action actions/cache@v3 can not be translated just yet"
  - echo '~~~ Install Maven dependencies'
  - mvn install
  - echo '~~~ Run tests'
  - mvn --batch-mode --update-snapshots verify
  plugins:
  - docker#v5.10.0:
      image: eclipse-temurin:11-jdk-alpine
  agents:
    runs-on: ubuntu-latest
  label: ":github: project-build"
  key: project-build
  branches: main
- commands:
  - "# action actions/checkout@v3 is not necessary in Buildscale"
  - "# action actions/cache@v3 can not be translated just yet"
  - "# action docker/setup-qemu-action@v2 can not be translated just yet"
  - "# action docker/setup-buildx-action@v2 can not be translated just yet"
  - "# action docker/build-push-action@v4 can not be translated just yet"
  depends_on:
  - project-build
  plugins:
  - docker#v5.10.0:
      image: eclipse-temurin:11-jdk-alpine
  - docker-login#v3.0.0:
      username: "${{ secrets.DOCKERHUB_USERNAME }}"
      password-env: "${{ secrets.DOCKERHUB_TOKEN }}"
  agents:
    runs-on: ubuntu-latest
  label: ":github: docker-build"
  key: docker-build
  branches: main
  if: Context element github.ref can not be translated (yet) == refs/heads/main
- commands:
  - "# action actions/checkout@v3 is not necessary in Buildscale"
  - echo '~~~ Add Server key'
  - touch key.txt && echo "$$GITHUB_SECRET_SERVER_KEY" > key.txt
  - chmod 600 key.txt
  - echo '~~~ Deploy the application'
  - (
  - SERVER_HOST="$$GITHUB_SECRET_SERVER_HOST"
  - SERVER_PORT="$$GITHUB_SECRET_SERVER_PORT"
  - SERVER_USER="$$GITHUB_SECRET_SERVER_USER"
  - set -e
  - "./deploy.sh"
  - )
  depends_on:
  - docker-build
  agents:
    runs-on: ubuntu-latest
  label: ":github: deploy"
  key: deploy
  branches: main
  if: Context element github.ref can not be translated (yet) == refs/heads/main
