---
steps:
- commands:
  - bundle exec rspec
  agents:
    runs-on: "{{matrix.os}}"
  matrix:
    setup:
      os:
      - ubuntu-latest
      - macos-latest
      ruby:
      - '2.7'
      - '3.0'
      - '3.1'
      - '3.2'
      - '3.3'
    adjustments: []
  label: ":github: test"
  key: test
