---
steps:
- commands:
  - "# action actions/checkout@v4 is not necessary in Buildscale"
  - npm ci
  - npm run build --if-present
  - npm test
  plugins:
  - docker#v5.10.0:
      image: node:20
  agents:
    runs-on: ubuntu-latest
  label: ":github: build"
  key: build
