---
steps:
- commands:
  - echo "test=hello" >> "$GITHUB_OUTPUT"
  - GHA_STEP_STEP1="$$?"
  - echo "test=world" >> "$GITHUB_OUTPUT"
  - GHA_STEP_STEP2="$$?"
  - source $GITHUB_OUTPUT
  - buildscale-agent metadata set "job1.output1" "$output1"
  - buildscale-agent metadata set "job1.output2" "$output2"
  agents:
    runs-on: ubuntu-latest
  env:
    GITHUB_OUTPUT: "/tmp/outputs"
  label: ":github: job1"
  key: job1
- commands:
  - (
  - OUTPUT1="$(buildscale-agent meta-data get 'job1.output1')"
  - OUTPUT2="$(buildscale-agent meta-data get 'job1.output2')"
  - echo "$OUTPUT1 $OUTPUT2"
  - )
  - echo "$$GHA_STEP_STEP1"
  - echo "$$GHA_STEP_STEP2"
  depends_on:
  - job1
  agents:
    runs-on: ubuntu-latest
  label: ":github: job2"
  key: job2
