---
steps:
- commands:
  - "# action actions/checkout@v2 is not necessary in Buildscale"
  - "# action shivammathur/setup-php@v2 can not be translated just yet"
  - echo '~~~ Setup Problem Matches'
  - echo "::add-matcher::/usr/local/bin/php.json"
  - echo "::add-matcher::/usr/local/bin/phpunit.json"
  - echo '~~~ Install PHP dependencies'
  - composer update --{{matrix.dependency-version}} --no-interaction --no-progress
    --ansi
  - echo '~~~ Unit Tests'
  - composer test:unit
  - echo '~~~ Unit Tests in Parallel'
  - composer test:parallel
  agents:
    runs-on: "{{matrix.os}}"
  matrix:
    setup:
      os:
      - ubuntu-latest
      - macos-latest
      - windows-latest
      php:
      - '8.1'
      - '8.2'
      - '8.3'
      dependency-version:
      - prefer-lowest
      - prefer-stable
    adjustments:
    - with:
        os: windows-xp
        php: '8.3'
        dependency-version: prefer-lowest
    - with:
        os: macos-latest
        php: '8.1'
      skip: true
  label: ":github: ci"
  key: ci
  if: Context element github.event_name can not be translated (yet) != schedule ||
    Context element github.repository can not be translated (yet) == pestphp/pest
