---
steps:
- commands:
  - "# action actions/checkout@v4 is not necessary in Buildscale"
  - "# action ruby/setup-ruby@v1 can not be translated just yet"
  - bundle exec rake
  agents:
    runs-on: "{{matrix.os}}"
  matrix:
    setup:
      os:
      - ubuntu-latest
      - macos-latest
      ruby:
      - '2.7'
      - '3.0'
      - '3.1'
      - '3.2'
      - '3.3'
    adjustments: []
  label: ":github: test"
  key: test
